**
(main.tex
LaTeX2e <2021-11-15> patch level 1
L3 programming layer <2022-02-24> (ieeeaccess.cls (IEEEtran.cls
Document Class: IEEEtran 2015/08/26 V1.8b by Michael Shell
-- See the "IEEEtran_HOWTO" manual for usage information.
-- http://www.michaelshell.org/tex/ieeetran/
\@IEEEtrantmpdimenA=\dimen138
\@IEEEtrantmpdimenB=\dimen139
\@IEEEtrantmpdimenC=\dimen140
\@IEEEtrantmpcountA=\count181
\@IEEEtrantmpcountB=\count182
\@IEEEtrantmpcountC=\count183
\@IEEEtrantmptoksA=\toks16
LaTeX Font Info:    Trying to load font information for TU+ptm on input line 50
3.
LaTeX Font Info:    No file TUptm.fd. on input line 503.

LaTeX Font Warning: Font shape `TU/ptm/m/n' undefined
(Font)              using `TU/lmr/m/n' instead on input line 503.

-- Using 8.5in x 11in (letter) paper.
-- Using DVI output.
\@IEEEnormalsizeunitybaselineskip=\dimen141
-- This is a 10 point document.
\CLASSINFOnormalsizebaselineskip=\dimen142
\CLASSINFOnormalsizeunitybaselineskip=\dimen143
\IEEEnormaljot=\dimen144

LaTeX Font Warning: Font shape `TU/ptm/bx/n' undefined
(Font)              using `TU/ptm/m/n' instead on input line 1090.


LaTeX Font Warning: Font shape `TU/ptm/m/it' undefined
(Font)              using `TU/ptm/m/n' instead on input line 1090.


LaTeX Font Warning: Font shape `TU/ptm/bx/it' undefined
(Font)              using `TU/ptm/bx/n' instead on input line 1090.

\IEEEquantizedlength=\dimen145
\IEEEquantizedlengthdiff=\dimen146
\IEEEquantizedtextheightdiff=\dimen147
\IEEEilabelindentA=\dimen148
\IEEEilabelindentB=\dimen149
\IEEEilabelindent=\dimen150
\IEEEelabelindent=\dimen151
\IEEEdlabelindent=\dimen152
\IEEElabelindent=\dimen153
\IEEEiednormlabelsep=\dimen154
\IEEEiedmathlabelsep=\dimen155
\IEEEiedtopsep=\skip47
\c@section=\count184
\c@subsection=\count185
\c@subsubsection=\count186
\c@paragraph=\count187
\c@IEEEsubequation=\count188
\abovecaptionskip=\skip48
\belowcaptionskip=\skip49
\c@figure=\count189
\c@table=\count190
\@IEEEeqnnumcols=\count191
\@IEEEeqncolcnt=\count192
\@IEEEsubeqnnumrollback=\count193
\@IEEEquantizeheightA=\dimen156
\@IEEEquantizeheightB=\dimen157
\@IEEEquantizeheightC=\dimen158
\@IEEEquantizeprevdepth=\dimen159
\@IEEEquantizemultiple=\count194
\@IEEEquantizeboxA=\box50
\@IEEEtmpitemindent=\dimen160
\IEEEPARstartletwidth=\dimen161
\c@IEEEbiography=\count195
\@IEEEtranrubishbin=\box51
) (ifpdf.sty
Package: ifpdf 2019/10/25 v3.4 ifpdf legacy package. Use iftex instead.
 (iftex.sty
Package: iftex 2022/02/03 v1.0f TeX engine tests
)) (xkeyval.sty
Package: xkeyval 2020/11/20 v2.8 package option processing (HA)
 (xkeyval (xkvutils
\XKV@toks=\toks17
\XKV@tempa@toks=\toks18
 (keyval))
\XKV@depth=\count196
File: xkeyval.tex 2014/12/03 v2.7a key=value parser (HA)
))
\@draftversionrule=\dimen162

(color.sty
Package: color 2021/12/07 v1.3c Standard LaTeX Color (DPC)
 (color.cfg
File: color.cfg 2016/01/02 v1.6 sample color configuration
)
Package color Info: Driver file: xetex.def on input line 149.
 (xetex.def
File: xetex.def 2021/03/18 v5.0k Graphics/color driver for xetex
))
Package color Info: Redefining color black on input line 154.
\figbox=\box52
\titlewidth=\skip50
\abstractwidth=\skip51
\c@addrCtr=\count197
\abstractbox=\box53
\indexbox=\box54
\absht=\dimen163
\kwdht=\dimen164
\@tempcntc=\count198
\titlepgskip=\skip52
\maketitlebox=\box55
\c@biography=\count199
) (cite.sty
LaTeX Info: Redefining \cite on input line 302.
LaTeX Info: Redefining \nocite on input line 332.
Package: cite 2015/02/27  v 5.5
) (amsmath.sty
Package: amsmath 2021/10/15 v2.17l AMS math features
\@mathmargin=\skip53

For additional information on amsmath, use the `?' option.
(amstext.sty
Package: amstext 2021/08/26 v2.01 AMS text
 (amsgen.sty
File: amsgen.sty 1999/11/30 v2.0 generic functions
\@emptytoks=\toks19
\ex@=\dimen165
)) (amsbsy.sty
Package: amsbsy 1999/11/29 v1.2d Bold Symbols
\pmbraise@=\dimen166
) (amsopn.sty
Package: amsopn 2021/08/26 v2.02 operator names
)
\inf@bad=\count266
LaTeX Info: Redefining \frac on input line 234.
\uproot@=\count267
\leftroot@=\count268
LaTeX Info: Redefining \overline on input line 399.
\classnum@=\count269
\DOTSCASE@=\count270
LaTeX Info: Redefining \ldots on input line 496.
LaTeX Info: Redefining \dots on input line 499.
LaTeX Info: Redefining \cdots on input line 620.
\Mathstrutbox@=\box56
\strutbox@=\box57
\big@size=\dimen167
LaTeX Font Info:    Redeclaring font encoding OML on input line 743.
LaTeX Font Info:    Redeclaring font encoding OMS on input line 744.
\macc@depth=\count271
\c@MaxMatrixCols=\count272
\dotsspace@=\muskip16
\c@parentequation=\count273
\dspbrk@lvl=\count274
\tag@help=\toks20
\row@=\count275
\column@=\count276
\maxfields@=\count277
\andhelp@=\toks21
\eqnshift@=\dimen168
\alignsep@=\dimen169
\tagshift@=\dimen170
\tagwidth@=\dimen171
\totwidth@=\dimen172
\lineht@=\dimen173
\@envbody=\toks22
\multlinegap=\skip54
\multlinetaggap=\skip55
\mathdisplay@stack=\toks23
LaTeX Info: Redefining \[ on input line 2938.
LaTeX Info: Redefining \] on input line 2939.
) (amssymb.sty
Package: amssymb 2013/01/14 v3.01 AMS font symbols

(amsfonts.sty
Package: amsfonts 2013/01/14 v3.01 Basic AMSFonts support
\symAMSa=\mathgroup4
\symAMSb=\mathgroup5
LaTeX Font Info:    Redeclaring math symbol \hbar on input line 98.
LaTeX Font Info:    Overwriting math alphabet `\mathfrak' in version `bold'
(Font)                  U/euf/m/n --> U/euf/b/n on input line 106.
)) (algorithm.sty
Invalid UTF-8 byte or sequence at line 11 replaced by U+FFFD.
Package: algorithm 2009/08/24 v0.1 Document Style `algorithm' - floating enviro
nment
 (float.sty
Package: float 2001/11/08 v1.3d Float enhancements (AL)
\c@float@type=\count278
\float@exts=\toks24
\float@box=\box58
\@float@everytoks=\toks25
\@floatcapt=\box59
) (ifthen.sty
Package: ifthen 2020/11/24 v1.1c Standard LaTeX ifthen package (DPC)
)
\@float@every@algorithm=\toks26
\c@algorithm=\count279
) (algpseudocode.sty
Package: algpseudocode 

(algorithmicx.sty
Package: algorithmicx 2005/04/27 v1.2 Algorithmicx

Document Style algorithmicx 1.2 - a greatly improved `algorithmic' style
\c@ALG@line=\count280
\c@ALG@rem=\count281
\c@ALG@nested=\count282
\ALG@tlm=\skip56
\ALG@thistlm=\skip57
\c@ALG@Lnr=\count283
\c@ALG@blocknr=\count284
\c@ALG@storecount=\count285
\c@ALG@tmpcounter=\count286
\ALG@tmplength=\skip58
)
Document Style - pseudocode environments for use with the `algorithmicx' style
) (graphicx.sty
Package: graphicx 2021/09/16 v1.2d Enhanced LaTeX Graphics (DPC,SPQR)
 (graphics.sty
Package: graphics 2021/03/04 v1.4d Standard LaTeX Graphics (DPC,SPQR)
 (trig.sty
Package: trig 2021/08/11 v1.11 sin cos tan (DPC)
) (graphics.cfg
File: graphics.cfg 2016/06/04 v1.11 sample graphics configuration
)
Package graphics Info: Driver file: xetex.def on input line 107.
)
\Gin@req@height=\dimen174
\Gin@req@width=\dimen175
) (textcomp.sty
Package: textcomp 2020/02/02 v2.0n Standard LaTeX package
)
(booktabs.sty
Package: booktabs 2020/01/12 v1.61803398 Publication quality tables
\heavyrulewidth=\dimen176
\lightrulewidth=\dimen177
\cmidrulewidth=\dimen178
\belowrulesep=\dimen179
\belowbottomsep=\dimen180
\aboverulesep=\dimen181
\abovetopsep=\dimen182
\cmidrulesep=\dimen183
\cmidrulekern=\dimen184
\defaultaddspace=\dimen185
\@cmidla=\count287
\@cmidlb=\count288
\@aboverulesep=\dimen186
\@belowrulesep=\dimen187
\@thisruleclass=\count289
\@lastruleclass=\count290
\@thisrulewidth=\dimen188
) (multirow.sty
Package: multirow 2021/03/15 v2.8 Span multiple rows of a table
\multirow@colwidth=\skip59
\multirow@cntb=\count291
\multirow@dima=\skip60
\bigstrutjot=\dimen189
) (array.sty
Package: array 2021/10/04 v2.5f Tabular extension package (FMi)
\col@sep=\dimen190
\ar@mcellbox=\box60
\extrarowheight=\dimen191
\NC@list=\toks27
\extratabsurround=\skip61
\backup@length=\skip62
\ar@cellbox=\box61
) (url.sty
\Urlmuskip=\muskip17
Package: url 2013/09/16  ver 3.4  Verb mode for urls, etc.
) (bm.sty
Package: bm 2021/04/25 v1.2e Bold Symbol Support (DPC/FMi)
\symboldoperators=\mathgroup6
\symboldletters=\mathgroup7
\symboldsymbols=\mathgroup8
Package bm Info: No bold for \OMX/cmex/m/n, using \pmb.
Package bm Info: No bold for \U/msa/m/n, using \pmb.
Package bm Info: No bold for \U/msb/m/n, using \pmb.
LaTeX Font Info:    Redeclaring math alphabet \mathbf on input line 149.
) (xcolor.sty
Package: xcolor 2021/10/31 v2.13 LaTeX color extensions (UK)

(color.cfg
File: color.cfg 2016/01/02 v1.6 sample color configuration
)
Package xcolor Info: Driver file: xetex.def on input line 227.
LaTeX Info: Redefining \color on input line 711.
Package xcolor Info: Model `cmy' substituted by `cmy0' on input line 1352.
Package xcolor Info: Model `RGB' extended on input line 1368.
Package xcolor Info: Model `HTML' substituted by `rgb' on input line 1370.
Package xcolor Info: Model `Hsb' substituted by `hsb' on input line 1371.
Package xcolor Info: Model `tHsb' substituted by `hsb' on input line 1372.
Package xcolor Info: Model `HSB' substituted by `hsb' on input line 1373.
Package xcolor Info: Model `Gray' substituted by `gray' on input line 1374.
Package xcolor Info: Model `wave' substituted by `hsb' on input line 1375.
) (../tables/macros.tex) (l3backend-xetex.def
File: l3backend-xetex.def 2022-02-07 L3 backend support: XeTeX
\c__kernel_sys_dvipdfmx_version_int=\count292
\l__color_backend_stack_int=\count293
\g__color_backend_stack_int=\count294
\g__graphics_track_int=\count295
\l__pdf_internal_box=\box62
\g__pdf_backend_object_int=\count296
\g__pdf_backend_annotation_int=\count297
\g__pdf_backend_link_int=\count298
) (main.aux)
\openout1 = `main.aux'.

LaTeX Font Info:    Checking defaults for OML/cmm/m/it on input line 29.
LaTeX Font Info:    ... okay on input line 29.
LaTeX Font Info:    Checking defaults for OMS/cmsy/m/n on input line 29.
LaTeX Font Info:    ... okay on input line 29.
LaTeX Font Info:    Checking defaults for OT1/cmr/m/n on input line 29.
LaTeX Font Info:    ... okay on input line 29.
LaTeX Font Info:    Checking defaults for T1/cmr/m/n on input line 29.
LaTeX Font Info:    ... okay on input line 29.
LaTeX Font Info:    Checking defaults for TS1/cmr/m/n on input line 29.
LaTeX Font Info:    Trying to load font information for TS1+cmr on input line 2
9.
 (ts1cmr.fd
File: ts1cmr.fd 2019/12/16 v2.5j Standard LaTeX font definitions
)
LaTeX Font Info:    ... okay on input line 29.
LaTeX Font Info:    Checking defaults for TU/lmr/m/n on input line 29.
LaTeX Font Info:    ... okay on input line 29.
LaTeX Font Info:    Checking defaults for OMX/cmex/m/n on input line 29.
LaTeX Font Info:    ... okay on input line 29.
LaTeX Font Info:    Checking defaults for U/cmr/m/n on input line 29.
LaTeX Font Info:    ... okay on input line 29.


LaTeX Font Warning: Font shape `TU/ptm/b/n' undefined
(Font)              using `TU/ptm/bx/n' instead on input line 29.


LaTeX Font Warning: Font shape `TU/ptm/b/it' undefined
(Font)              using `TU/ptm/bx/it' instead on input line 29.


LaTeX Font Warning: Font shape `TU/ptm/b/n' undefined
(Font)              using `TU/ptm/bx/n' instead on input line 29.


LaTeX Font Warning: Font shape `TU/ptm/b/it' undefined
(Font)              using `TU/ptm/bx/it' instead on input line 29.


LaTeX Font Warning: Font shape `TU/ptm/b/n' undefined
(Font)              using `TU/ptm/bx/n' instead on input line 29.


LaTeX Font Warning: Font shape `TU/ptm/b/it' undefined
(Font)              using `TU/ptm/bx/it' instead on input line 29.


LaTeX Font Warning: Font shape `TU/ptm/b/n' undefined
(Font)              using `TU/ptm/bx/n' instead on input line 29.


LaTeX Font Warning: Font shape `TU/ptm/b/it' undefined
(Font)              using `TU/ptm/bx/it' instead on input line 29.


LaTeX Font Warning: Font shape `TU/ptm/b/n' undefined
(Font)              using `TU/ptm/bx/n' instead on input line 29.


LaTeX Font Warning: Font shape `TU/ptm/b/it' undefined
(Font)              using `TU/ptm/bx/it' instead on input line 29.


LaTeX Font Warning: Font shape `TU/ptm/b/n' undefined
(Font)              using `TU/ptm/bx/n' instead on input line 29.


LaTeX Font Warning: Font shape `TU/ptm/b/it' undefined
(Font)              using `TU/ptm/bx/it' instead on input line 29.


LaTeX Font Warning: Font shape `TU/ptm/b/n' undefined
(Font)              using `TU/ptm/bx/n' instead on input line 29.


LaTeX Font Warning: Font shape `TU/ptm/b/it' undefined
(Font)              using `TU/ptm/bx/it' instead on input line 29.


LaTeX Font Warning: Font shape `TU/ptm/b/n' undefined
(Font)              using `TU/ptm/bx/n' instead on input line 29.


LaTeX Font Warning: Font shape `TU/ptm/b/it' undefined
(Font)              using `TU/ptm/bx/it' instead on input line 29.


LaTeX Font Warning: Font shape `TU/ptm/b/n' undefined
(Font)              using `TU/ptm/bx/n' instead on input line 29.


LaTeX Font Warning: Font shape `TU/ptm/b/it' undefined
(Font)              using `TU/ptm/bx/it' instead on input line 29.


LaTeX Font Warning: Font shape `TU/ptm/b/n' undefined
(Font)              using `TU/ptm/bx/n' instead on input line 29.


LaTeX Font Warning: Font shape `TU/ptm/b/it' undefined
(Font)              using `TU/ptm/bx/it' instead on input line 29.

-- Lines per column: 56 (exact).
LaTeX Font Info:    Trying to load font information for T1+ptm on input line 29
.
(t1ptm.fd
File: t1ptm.fd 2001/06/04 font definitions for T1/ptm.
)

LaTeX Font Warning: Font shape `T1/ptm/n/n' undefined
(Font)              using `T1/ptm/m/n' instead on input line 29.

File: bullet.png Graphic file (type bmp)
<bullet.png>

Package xcolor Warning: Incompatible color definition on input line 47.

LaTeX Font Info:    Trying to load font information for T1+phv on input line 47
.
(t1phv.fd
File: t1phv.fd 2020/03/25 scalable font definitions for T1/phv.
)

LaTeX Font Warning: Font shape `T1/phv/n/n' undefined
(Font)              using `T1/phv/m/n' instead on input line 47.


LaTeX Font Warning: Font shape `T1/ptm/n/it' undefined
(Font)              using `T1/ptm/n/n' instead on input line 50.

LaTeX Font Info:    Trying to load font information for U+msa on input line 51.

(umsa.fd
File: umsa.fd 2013/01/14 v3.01 AMS symbols A
)
LaTeX Font Info:    Trying to load font information for U+msb on input line 51.

 (umsb.fd
File: umsb.fd 2013/01/14 v3.01 AMS symbols B
)
LaTeX Font Info:    Trying to load font information for T1+pcr on input line 53
.
 (t1pcr.fd
File: t1pcr.fd 2001/06/04 font definitions for T1/pcr.
)

LaTeX Font Warning: Font shape `T1/pcr/n/n' undefined
(Font)              using `T1/pcr/m/n' instead on input line 53.

File: bullet.png Graphic file (type bmp)
<bullet.png>

Package xcolor Warning: Incompatible color definition on input line 58.


Package xcolor Warning: Incompatible color definition on input line 64.

LaTeX Font Info:    Calculating math sizes for size <9.9> on input line 64.
LaTeX Font Info:    Calculating math sizes for size <6.6> on input line 64.

Overfull \hbox (9.2679pt too wide) in paragraph at lines 64--64
[]  
 []


Overfull \hbox (9.2679pt too wide) in paragraph at lines 64--64
[]  
 []


Package xcolor Warning: Incompatible color definition on input line 66.


Underfull \vbox (badness 10000) has occurred while \output is active []


Underfull \vbox (badness 10000) has occurred while \output is active []



Package xcolor Warning: Incompatible color definition on input line 81.

File: Logo.png Graphic file (type bmp)
<Logo.png>

Overfull \vbox (9.66313pt too high) has occurred while \output is active []


Overfull \hbox (505.12177pt too wide) has occurred while \output is active
[]
 []


Overfull \hbox (505.12177pt too wide) has occurred while \output is active
[]
 []


Overfull \hbox (505.12177pt too wide) has occurred while \output is active
[]
 []


Underfull \hbox (badness 10000) has occurred while \output is active
[]
 []

[1


]

Package xcolor Warning: Incompatible color definition on input line 82.


LaTeX Font Warning: Font shape `T1/phv/n/sl' undefined
(Font)              using `T1/phv/n/n' instead on input line 82.


Underfull \hbox (badness 1701) in paragraph at lines 86--87
[]$ \T1/ptm/n/it/10 scal-ing, com-puted only from on-line se-man-
 []


Underfull \hbox (badness 6063) in paragraph at lines 87--88
[]\T1/ptm/n/it/10 A re-pro-ducible eval-u-a-tion: fair $\OT1/cmr/m/n/10 1\OML/c
mm/m/it/10 :\OT1/cmr/m/n/10 0\OMS/cmsy/m/n/10 ^^B$ \T1/ptm/n/it/10 bag rate,
 []


Underfull \hbox (badness 2189) in paragraph at lines 87--88
\T1/ptm/n/it/10 thresh-olds se-lected on \T1/pcr/n/n/10 city_day \T1/ptm/n/it/1
0 only, hold-out
 []


Package xcolor Warning: Incompatible color definition on input line 91.


Package xcolor Warning: Incompatible color definition on input line 93.


Package xcolor Warning: Incompatible color definition on input line 102.


Underfull \hbox (badness 1603) in paragraph at lines 103--106
\T1/ptm/n/it/10 Epipolar ge-om-e-try and Samp-son resid-u-als are clas-si-cal
 []


Package xcolor Warning: Incompatible color definition on input line 107.


Overfull \hbox (6.74384pt too wide) in paragraph at lines 108--110
\T1/ptm/n/it/10 Real-time in-stance/segmentation net-works such as YOLO [15],
 []


Package xcolor Warning: Incompatible color definition on input line 111.

File: ../figures//fusion_compare_sem_geodf.pdf Graphic file (type pdf)
<use ../figures//fusion_compare_sem_geodf.pdf>

Package xcolor Warning: Incompatible color definition on input line 120.


Package xcolor Warning: Incompatible color definition on input line 120.


Overfull \hbox (341.384pt too wide) in paragraph at lines 120--120
[][] []
 []


Package xcolor Warning: Incompatible color definition on input line 126.


Package xcolor Warning: Incompatible color definition on input line 142.


Package xcolor Warning: Incompatible color definition on input line 144.


Underfull \hbox (badness 1406) in paragraph at lines 145--150
\T1/ptm/n/it/10 mask is older than $[]$, the se-
 []

File: notaglineLogo.png Graphic file (type bmp)
<notaglineLogo.png>

Overfull \vbox (9.13515pt too high) has occurred while \output is active []


Overfull \hbox (505.12177pt too wide) has occurred while \output is active
[]
 []


Overfull \hbox (505.12177pt too wide) has occurred while \output is active
[]
 []


Underfull \hbox (badness 10000) has occurred while \output is active
[]
 []

[2]

Package xcolor Warning: Incompatible color definition on input line 151.

File: ../figures//system_overview_sem_geodf.pdf Graphic file (type pdf)
<use ../figures//system_overview_sem_geodf.pdf>

Package xcolor Warning: Incompatible color definition on input line 162.


Package xcolor Warning: Incompatible color definition on input line 162.


Overfull \hbox (318.93413pt too wide) in paragraph at lines 162--162
[][] []
 []

File: ../figures//pipeline_sem_geodf.pdf Graphic file (type pdf)
<use ../figures//pipeline_sem_geodf.pdf>

Package xcolor Warning: Incompatible color definition on input line 169.


Package xcolor Warning: Incompatible color definition on input line 169.


Overfull \hbox (295.8529pt too wide) in paragraph at lines 169--169
[][] []
 []


Package xcolor Warning: Incompatible color definition on input line 173.


Underfull \hbox (badness 1406) in paragraph at lines 174--178
\T1/ptm/n/it/10 cor-re-spon-dences. RANSAC in-liers/outliers and Samp-son
 []


Package xcolor Warning: Incompatible color definition on input line 179.


Package xcolor Warning: Incompatible color definition on input line 186.


Underfull \hbox (badness 6575) in paragraph at lines 200--203
\T1/ptm/n/it/10 Di-rec-tional max, di-rec-tional min, Dice, Jac-card and
 []


Underfull \hbox (badness 1728) in paragraph at lines 200--203
\T1/ptm/n/it/10 Dice-with-support are all im-ple-mented and se-lected by
 []

File: ../figures//overlap_bidirectional.pdf Graphic file (type pdf)
<use ../figures//overlap_bidirectional.pdf>

Package xcolor Warning: Incompatible color definition on input line 207.


Package xcolor Warning: Incompatible color definition on input line 207.


Overfull \hbox (517.79521pt too wide) in paragraph at lines 207--207
[][] []
 []


Package xcolor Warning: Incompatible color definition on input line 211.


Package xcolor Warning: Incompatible color definition on input line 223.


Overfull \hbox (56.668pt too wide) in paragraph at lines 224--225
\T1/ptm/n/it/10 The hold was orig-i-nally $\OML/cmm/m/it/10 H$ \T1/ptm/n/it/10 
frames ($[][]\OT1/cmr/m/n/10 180$\T1/ptm/n/it/10 ).
 []


Overfull \hbox (27.34444pt too wide) detected at line 229
[]\OML/cmm/m/it/10 t[] \OMS/cmsy/m/n/10   []  [] \OML/cmm/m/it/10 ;  [] \OT1/cm
r/m/n/10 = [] \OML/cmm/m/it/10 ;
 []


Overfull \hbox (15.11464pt too wide) in paragraph at lines 237--238
\T1/ptm/n/it/10 Final se-lected val-ues are writ-ten to \T1/pcr/n/n/10 selected
_params.yaml
 []

File: ../figures//policy_fsm_sem_geodf.pdf Graphic file (type pdf)
<use ../figures//policy_fsm_sem_geodf.pdf>

Package xcolor Warning: Incompatible color definition on input line 242.


Package xcolor Warning: Incompatible color definition on input line 242.


Overfull \hbox (337.70851pt too wide) in paragraph at lines 242--242
[][] []
 []


Package xcolor Warning: Incompatible color definition on input line 248.


Package xcolor Warning: Incompatible color definition on input line 268.

File: notaglineLogo.png Graphic file (type bmp)
<notaglineLogo.png>

Overfull \vbox (9.13515pt too high) has occurred while \output is active []


Overfull \hbox (505.12177pt too wide) has occurred while \output is active
[]
 []


Overfull \hbox (505.12177pt too wide) has occurred while \output is active
[]
 []


Underfull \hbox (badness 10000) has occurred while \output is active
[]
 []

[3]
File: notaglineLogo.png Graphic file (type bmp)
<notaglineLogo.png>

Overfull \vbox (9.13515pt too high) has occurred while \output is active []


Overfull \hbox (505.12177pt too wide) has occurred while \output is active
[]
 []


Overfull \hbox (505.12177pt too wide) has occurred while \output is active
[]
 []


Underfull \hbox (badness 10000) has occurred while \output is active
[]
 []

[4]

LaTeX Font Warning: Font shape `T1/ptm/n/sc' undefined
(Font)              using `T1/ptm/n/n' instead on input line 280.


Overfull \hbox (116.24825pt too wide) detected at line 294
[]\OML/cmm/m/it/10 r[] \OMS/cmsy/m/n/10 ^^U \OML/cmm/m/it/10 ^^\[]  \OMS/cmsy/m
/n/10 ^  []  ^  \OML/cmm/m/it/10 h[]; h[][]  \OMS/cmsy/m/n/10 ^  \OML/cmm/m/it/
10 h[][]  \OMS/cmsy/m/n/10 ^  \OML/cmm/m/it/10 N[] \OMS/cmsy/m/n/10 ^^U \OML/cm
m/m/it/10 N[];
 []


Package xcolor Warning: Incompatible color definition on input line 299.


Package xcolor Warning: Incompatible color definition on input line 309.


Package xcolor Warning: Incompatible color definition on input line 313.


Underfull \hbox (badness 1968) in paragraph at lines 315--319
\T1/ptm/n/sc/10 alive. When $[][]\OT1/cmr/m/n/10 1$\T1/ptm/n/sc/10 , each
 []

File: ../figures//backend_weight_flow.pdf Graphic file (type pdf)
<use ../figures//backend_weight_flow.pdf>

Package xcolor Warning: Incompatible color definition on input line 323.


Package xcolor Warning: Incompatible color definition on input line 323.


Overfull \hbox (679.75697pt too wide) in paragraph at lines 323--323
[][] []
 []

File: notaglineLogo.png Graphic file (type bmp)
<notaglineLogo.png>

Overfull \vbox (9.13515pt too high) has occurred while \output is active []


Overfull \hbox (505.12177pt too wide) has occurred while \output is active
[]
 []


Overfull \hbox (505.12177pt too wide) has occurred while \output is active
[]
 []


Underfull \hbox (badness 10000) has occurred while \output is active
[]
 []

[5]
Overfull \hbox (20.0301pt too wide) detected at line 332
[]
 []


Overfull \hbox (11.10483pt too wide) detected at line 344
[][] \OT1/cmr/m/n/10 = []  [] = []  [] \OML/cmm/m/it/10 ;
 []


Underfull \hbox (badness 3460) in paragraph at lines 344--349
\T1/ptm/n/sc/10 weight. Af-ter-wards $[]$ is capped by $\OML/cmm/m/it/10 w[]$\T
1/ptm/n/sc/10 , $\OML/cmm/m/it/10 w[]$\T1/ptm/n/sc/10 , or
 []


Underfull \hbox (badness 4479) in paragraph at lines 344--349
\OML/cmm/m/it/10 w[]$ \T1/ptm/n/sc/10 when the cor-re-spond-ing con-fir-ma-tion
 flags fire,
 []


Underfull \hbox (badness 6961) in paragraph at lines 344--349
\T1/ptm/n/sc/10 and re-clipped to $\OT1/cmr/m/n/10 [\OML/cmm/m/it/10 w[]; \OT1/
cmr/m/n/10 1]$\T1/ptm/n/sc/10 . Eqs. []--[] are en-
 []


Underfull \hbox (badness 1577) in paragraph at lines 344--349
\T1/ptm/n/sc/10 forced against the im-ple-men-ta-tion by the prop-erty test
 []


Package xcolor Warning: Incompatible color definition on input line 356.


Underfull \hbox (badness 6461) in paragraph at lines 361--362
\T1/ptm/n/sc/10 ta-ble global weight, and up-dat-ing a track's cur-rent
 []


Underfull \hbox (badness 3199) in paragraph at lines 361--362
\T1/ptm/n/sc/10 weight can-not retroac-tively al-ter a prior that has al-
 []


Underfull \hbox (badness 10000) in paragraph at lines 361--362
\T1/ptm/n/sc/10 ready been formed. This in-vari-ant is checked by
 []


Overfull \hbox (52.52495pt too wide) in paragraph at lines 363--365
\T1/ptm/n/sc/10 the three quan-ti-ties of Sec. [][]: $[]$
 []


Overfull \hbox (10.84592pt too wide) in paragraph at lines 363--365
\T1/ptm/n/sc/10 (map-ping out-put), $[]$
 []


Underfull \hbox (badness 10000) in paragraph at lines 363--365
\T1/ptm/n/sc/10 and $[]$ (af-ter re-cov-ery, over
 []


Underfull \hbox (badness 6477) in paragraph at lines 363--365
\T1/ptm/n/sc/10 tracks that sur-vived the shared re-ject bud-get), plus
 []


Overfull \hbox (109.72647pt too wide) in paragraph at lines 363--365
[]$\T1/ptm/n/sc/10 , $[]$
 []


Underfull \hbox (badness 7256) in paragraph at lines 363--365
\T1/ptm/n/sc/10 and $[]$ so that down-
 []


Underfull \hbox (badness 7308) in paragraph at lines 371--372
[]\T1/ptm/n/sc/10 Up-date se-man-tic EMA; run GeoDF-Adaptive $\OMS/cmsy/m/n/10 
!$
 []


Package xcolor Warning: Incompatible color definition on input line 379.


Package xcolor Warning: Incompatible color definition on input line 381.


Package xcolor Warning: Incompatible color definition on input line 386.


Underfull \hbox (badness 2884) in paragraph at lines 387--389
\T1/ptm/b/n/10 VIODE \T1/ptm/n/sc/10 [3]: en-vi-ron-ments \T1/pcr/n/n/10 city_d
ay\T1/ptm/n/sc/10 , \T1/pcr/n/n/10 city_night\T1/ptm/n/sc/10 ,
 []


Package xcolor Warning: Incompatible color definition on input line 390.


Package xcolor Warning: Incompatible color definition on input line 400.

File: notaglineLogo.png Graphic file (type bmp)
<notaglineLogo.png>

Overfull \vbox (9.13515pt too high) has occurred while \output is active []


Overfull \hbox (505.12177pt too wide) has occurred while \output is active
[]
 []


Overfull \hbox (505.12177pt too wide) has occurred while \output is active
[]
 []


Underfull \hbox (badness 10000) has occurred while \output is active
[]
 []

[6]
File: ../figures//eval_protocol_sem_geodf.pdf Graphic file (type pdf)
<use ../figures//eval_protocol_sem_geodf.pdf>


Package xcolor Warning: Incompatible color definition on input line 411.


Package xcolor Warning: Incompatible color definition on input line 411.


Overfull \hbox (387.71652pt too wide) in paragraph at lines 411--411
[][] []
 []


Package xcolor Warning: Incompatible color definition on input line 415.


Package xcolor Warning: Incompatible color definition on input line 418.

(../tables/ate_viode.tex

Package xcolor Warning: Incompatible color definition on input line 3.

)
File: ../figures//viode_ate_delta_sem_geodf.pdf Graphic file (type pdf)
<use ../figures//viode_ate_delta_sem_geodf.pdf>


Package xcolor Warning: Incompatible color definition on input line 429.


Package xcolor Warning: Incompatible color definition on input line 429.

(../tables/delta_adaptive.tex

Package xcolor Warning: Incompatible color definition on input line 3.


Overfull \hbox (36.78786pt too wide) in paragraph at lines 5--38
 [][] 
 []

)

Package xcolor Warning: Incompatible color definition on input line 435.

(../tables/ate_euroc.tex

Package xcolor Warning: Incompatible color definition on input line 3.

)
File: ../figures//method_compare_selected.pdf Graphic file (type pdf)
<use ../figures//method_compare_selected.pdf>


Package xcolor Warning: Incompatible color definition on input line 443.


Package xcolor Warning: Incompatible color definition on input line 443.


Overfull \hbox (18.59084pt too wide) in paragraph at lines 443--443
[][] []
 []


Package xcolor Warning: Incompatible color definition on input line 447.


Package xcolor Warning: Incompatible color definition on input line 457.

(../tables/static_safety.tex

Package xcolor Warning: Incompatible color definition on input line 4.


Overfull \hbox (7.57556pt too wide) in paragraph at lines 8--29
 [][] 
 []

)

Package xcolor Warning: Incompatible color definition on input line 466.


Underfull \hbox (badness 3701) in paragraph at lines 467--470
\T1/ptm/n/sc/10 Backend weight-ing com-ple-ments hard cull: when the
 []


Underfull \hbox (badness 1406) in paragraph at lines 467--470
\T1/ptm/n/sc/10 ra-tio guard pre-serves sus-pi-cious tracks, down-weighting
 []


Underfull \hbox (badness 5302) in paragraph at lines 467--470
\T1/ptm/n/sc/10 re-duces their in-flu-ence with-out emp-ty-ing the fea-ture
 []


Underfull \hbox (badness 4846) in paragraph at lines 467--470
\T1/ptm/n/sc/10 set. Be-cause weights are re-cov-ered per id, tran-sient
 []


Underfull \hbox (badness 4403) in paragraph at lines 467--470
\T1/ptm/n/sc/10 false pos-i-tives do not per-ma-nently sup-press a track.
 []


Package xcolor Warning: Incompatible color definition on input line 471.


Overfull \hbox (21.3116pt too wide) in paragraph at lines 473--476
\T1/ptm/n/sc/10 tion that dis-ables only $\OML/cmm/m/it/10 w[]$ \T1/ptm/n/sc/10
 ($[][]\OT1/cmr/m/n/10 0$\T1/ptm/n/sc/10 )
 []


Underfull \hbox (badness 6876) in paragraph at lines 473--476
\T1/ptm/n/sc/10 while freez-ing the iden-ti-cal gated union and train-
 []


Underfull \hbox (badness 2460) in paragraph at lines 473--476
\T1/ptm/n/sc/10 selected pol-icy is re-served for camera-ready once the
 []

(../tables/ablation_weight.tex

Package xcolor Warning: Incompatible color definition on input line 11.

)

Package xcolor Warning: Incompatible color definition on input line 479.


Overfull \hbox (55.32199pt too wide) in paragraph at lines 481--486
\T1/ptm/n/sc/10 Offline re-play on \T1/pcr/n/n/10 city_day \T1/ptm/n/sc/10 show
s that nearby $\OT1/cmr/m/n/10 ([]\OML/cmm/m/it/10 ; []; []\OT1/cmr/m/n/10 )$
 []


Overfull \hbox (51.45645pt too wide) in paragraph at lines 481--486
[]$\T1/ptm/n/sc/10 , $[]$, $[]$)
 []

File: notaglineLogo.png Graphic file (type bmp)
<notaglineLogo.png>

Overfull \vbox (9.13515pt too high) has occurred while \output is active []


Overfull \hbox (505.12177pt too wide) has occurred while \output is active
[]
 []


Overfull \hbox (505.12177pt too wide) has occurred while \output is active
[]
 []


Underfull \hbox (badness 10000) has occurred while \output is active
[]
 []

[7]
Underfull \vbox (badness 5189) has occurred while \output is active []



Package xcolor Warning: Incompatible color definition on input line 487.


Underfull \vbox (badness 10000) has occurred while \output is active []

File: notaglineLogo.png Graphic file (type bmp)
<notaglineLogo.png>

Overfull \vbox (9.13515pt too high) has occurred while \output is active []


Overfull \hbox (505.12177pt too wide) has occurred while \output is active
[]
 []


Overfull \hbox (505.12177pt too wide) has occurred while \output is active
[]
 []


Underfull \hbox (badness 10000) has occurred while \output is active
[]
 []

[8]

Package xcolor Warning: Incompatible color definition on input line 497.


Package xcolor Warning: Incompatible color definition on input line 501.


Package xcolor Warning: Incompatible color definition on input line 504.


Underfull \hbox (badness 1888) in paragraph at lines 507--508
\T1/ptm/n/sc/10 abled per-observation vi-sual qual-ity weight-ing and
 []


Package xcolor Warning: Incompatible color definition on input line 514.


Package xcolor Warning: Incompatible color definition on input line 517.


Package xcolor Warning: Incompatible color definition on input line 537.


Package xcolor Warning: Incompatible color definition on input line 540.


Package xcolor Warning: Incompatible color definition on input line 545.


Package xcolor Warning: Incompatible color definition on input line 549.


Underfull \hbox (badness 10000) in paragraph at lines 550--554
\T1/ptm/n/sc/10 Each run writes $[]$ (git SHA,
 []


Underfull \hbox (badness 10000) in paragraph at lines 550--554
\T1/ptm/n/sc/10 con-fig hash, bag rate, or-a-cle flag) and per-frame
 []

File: notaglineLogo.png Graphic file (type bmp)
<notaglineLogo.png>

Overfull \vbox (9.13515pt too high) has occurred while \output is active []


Overfull \hbox (505.12177pt too wide) has occurred while \output is active
[]
 []


Overfull \hbox (505.12177pt too wide) has occurred while \output is active
[]
 []


Underfull \hbox (badness 10000) has occurred while \output is active
[]
 []

[9]
Overfull \hbox (30.10423pt too wide) detected at line 554
[]\OML/cmm/m/it/10 :
 []


Package xcolor Warning: Incompatible color definition on input line 557.


Underfull \hbox (badness 2293) in paragraph at lines 559--562
\T1/ptm/n/sc/10 Sem-GeoDF cou-ples se-man-tic and ge-o-met-ric dynamic-
 []


Package xcolor Warning: Incompatible color definition on input line 563.

(main.bbl

Package xcolor Warning: Incompatible color definition on input line 2.

File: notaglineLogo.png Graphic file (type bmp)
<notaglineLogo.png>

Overfull \vbox (9.13515pt too high) has occurred while \output is active []


Overfull \hbox (505.12177pt too wide) has occurred while \output is active
[]
 []


Overfull \hbox (505.12177pt too wide) has occurred while \output is active
[]
 []


Underfull \hbox (badness 10000) has occurred while \output is active
[]
 []

[10]
LaTeX Font Info:    Calculating math sizes for size <7.61> on input line 105.
)
File: bullet.png Graphic file (type bmp)
<bullet.png>
File: notaglineLogo.png Graphic file (type bmp)
<notaglineLogo.png>

Overfull \vbox (9.13515pt too high) has occurred while \output is active []


Overfull \hbox (505.12177pt too wide) has occurred while \output is active
[]
 []


Overfull \hbox (505.12177pt too wide) has occurred while \output is active
[]
 []


Underfull \hbox (badness 10000) has occurred while \output is active
[]
 []

[11

] (main.aux)

LaTeX Font Warning: Some font shapes were not available, defaults substituted.

 )
Output written on main.xdv (11 pages, 78428 bytes).
